CS251: . elkindi Sat Feb 3 14:34:17 EST 2018  Total:  140 of 140
CS251: . elkindi Sat Feb 3 14:37:44 EST 2018  Total:  10 of 10
CS251: . elkindi Sat Feb 3 14:37:50 EST 2018  Total:  8 of 8
CS251: . elkindi Sat Feb 3 14:39:37 EST 2018  Total:  8 of 8
CS251: . elkindi Sat Feb 3 14:41:21 EST 2018  Total:  10 of 10
CS251: . elkindi Sat Feb 3 14:42:17 EST 2018  Total:  80 of 80
CS251: . elkindi Sat Feb 3 14:42:25 EST 2018  Total:  100 of 100
CS251: . elkindi Sat Feb 3 14:58:29 EST 2018  Total:  0 of 88
CS251: . elkindi Sat Feb 3 14:59:29 EST 2018  Total:  10 of 10
CS251: . elkindi Sat Feb 3 14:59:34 EST 2018  Total:  80 of 88
CS251: . elkindi Sat Feb 3 14:59:50 EST 2018  Total:  80 of 88
CS251: . elkindi Sat Feb 3 15:00:57 EST 2018  Total:  88 of 88
CS251: . elkindi Sat Feb 3 15:02:53 EST 2018  Total:  112 of 112
CS251: . elkindi Sat Feb 3 15:05:14 EST 2018  Total:  80 of 80
CS251: . elkindi Sat Feb 3 15:05:33 EST 2018  Total:  100 of 100
CS251: . elkindi Sat Feb 3 15:12:14 EST 2018  Total:  2 of 10
CS251: . elkindi Sat Feb 3 15:15:46 EST 2018  Total:  0 of 10
CS251: . elkindi Sat Feb 3 15:16:11 EST 2018  Total:  10 of 10
CS251: . elkindi Sat Feb 3 15:17:42 EST 2018  Total:  0 of 10
CS251: . elkindi Sat Feb 3 15:18:05 EST 2018  Total:  0 of 10
CS251: . elkindi Sat Feb 3 15:20:07 EST 2018  Total:  0 of 10
CS251: . elkindi Sat Feb 3 15:25:12 EST 2018  Total:  0 of 10
CS251: . elkindi Sat Feb 3 15:31:16 EST 2018  Total:  0 of 10
CS251: . elkindi Sat Feb 3 15:32:21 EST 2018  Total:  0 of 10
CS251: . elkindi Sat Feb 3 15:33:13 EST 2018  Total:  0 of 10
CS251: . elkindi Sat Feb 3 15:33:59 EST 2018  Total:  0 of 10
CS251: . elkindi Sat Feb 3 15:43:43 EST 2018  Total:  0 of 10
CS251: . elkindi Sat Feb 3 15:43:48 EST 2018  Total:  0 of 10
CS251: . elkindi Sat Feb 3 15:45:15 EST 2018  Total:  0 of 80
CS251: . elkindi Sat Feb 3 15:48:47 EST 2018  Total:  0 of 10
CS251: . elkindi Sat Feb 3 15:48:49 EST 2018  Total:  0 of 10
CS251: . elkindi Sat Feb 3 15:48:52 EST 2018  Total:  0 of 80
CS251: . huston2 Mon Feb 26 09:40:07 EST 2018  Total:  100 of 100
CS251: . huston2 Mon Feb 26 09:42:42 EST 2018  Total:  100 of 100
CS251: . huston2 Mon Feb 26 20:10:16 EST 2018  Total:  100 of 100
CS251: . huston2 Sat Mar 10 20:53:20 EST 2018  Total:  100 of 100
CS251: . huston2 Tue Jul 31 23:19:22 EDT 2018  Total:  100 of 100
CS251: . huston2 Wed Aug 1 01:59:55 EDT 2018  Total:  100 of 100
CS251: . huston2 Mon Aug 6 02:50:02 EDT 2018  Total:  100 of 100
CS251: . sjh919 Mon Aug 6 20:10:26 EDT 2018  Total:  92 of 100
